// Jest Snapshot v1, https://jestjs.io/docs/snapshot-testing

exports[`GET /api/business-os/usage (characterization) database path: exact response, summedBy=database, no fallback read 1`] = `"{"success":true,"data":{"range":"last_7d","credits":5180,"allowance":20833,"remaining":15653,"breakdown":[{"key":"chat","credits":4938,"calls":12,"share":0.9534},{"key":"website","credits":240,"calls":3,"share":0.0463},{"key":"other","credits":2,"calls":1,"share":0.0003}],"daily":[{"date":"2026-09-11","credits":0},{"date":"2026-09-12","credits":0},{"date":"2026-09-13","credits":0},{"date":"2026-09-14","credits":0},{"date":"2026-09-15","credits":4000},{"date":"2026-09-16","credits":0},{"date":"2026-09-17","credits":1180}],"calls":17}}"`;

exports[`GET /api/business-os/usage (characterization) fallback path: RPC missing → pages the rows, summedBy=rows, warns 1`] = `"{"success":true,"data":{"range":"last_7d","credits":7449,"allowance":20833,"remaining":13384,"breakdown":[{"key":"insights","credits":2981,"calls":820,"share":0.4001},{"key":"chat","credits":2977,"calls":820,"share":0.3996},{"key":"other","credits":1492,"calls":410,"share":0.2003}],"daily":[{"date":"2026-09-11","credits":255},{"date":"2026-09-12","credits":1310},{"date":"2026-09-13","credits":1305},{"date":"2026-09-14","credits":1311},{"date":"2026-09-15","credits":1310},{"date":"2026-09-16","credits":1306},{"date":"2026-09-17","credits":653}],"calls":2050}}"`;
