components/business-os/ChatCommandPanel.tsx(228): error TS2322
components/business-os/ChatCommandPanel.tsx(229): error TS2322
components/business-os/ChatCommandPanel.tsx(247): error TS2322
components/business-os/ChatCommandPanel.tsx(270): error TS2322
components/business-os/ChatCommandPanel.tsx(290): error TS2322
components/business-os/ChatCommandPanel.tsx(302): error TS2322
components/business-os/ChatCommandPanel.tsx(316): error TS2322
components/business-os/ChatCommandPanel.tsx(345): error TS2322
components/business-os/ChatCommandPanel.tsx(361): error TS2322
lib/analytics/aiAnalytics.ts(237): error TS18046
lib/analytics/aiAnalytics.ts(238): error TS18046
lib/analytics/aiAnalytics.ts(239): error TS18046
lib/analytics/aiAnalytics.ts(352): error TS7006
lib/analytics/aiAnalytics.ts(355): error TS7006
lib/analytics/aiAnalytics.ts(363): error TS7006
lib/analytics/aiAnalytics.ts(394): error TS2538
lib/business-os/insight/detectors/catalog/OpsUtilizationLowDetector.ts(120): error TS2554
lib/business-os/insight/detectors/catalog/OpsUtilizationLowDetector.ts(128): error TS2322
lib/business-os/insight/detectors/catalog/OpsUtilizationLowDetector.ts(78): error TS2345
lib/business-os/insight/detectors/catalog/RetNoShowSpikeDetector.ts(104): error TS2554
lib/business-os/insight/detectors/catalog/RetNoShowSpikeDetector.ts(141): error TS2322
lib/business-os/insight/detectors/catalog/RetNoShowSpikeDetector.ts(74): error TS2345
lib/business-os/insight/detectors/catalog/SalesReplySlowDetector.ts(120): error TS2322
lib/business-os/insight/detectors/catalog/SalesReplySlowDetector.ts(61): error TS2345
lib/business-os/insight/detectors/catalog/SalesReplySlowDetector.ts(90): error TS2554
lib/business-os/insight/detectors/catalog/WebIncompleteContentDetector.ts(225): error TS2322
lib/business-os/insight/detectors/catalog/WebIncompleteContentDetector.ts(30): error TS2322
lib/business-os/insight/detectors/catalog/WebMissingCtaDetector.ts(106): error TS2554
lib/business-os/insight/detectors/catalog/WebMissingCtaDetector.ts(30): error TS2322
lib/utils/analyticsHelpers.ts(516): error TS2741
lib/utils/analyticsHelpers.ts(710): error TS2339
scripts/bizql-planner-test.ts(121): error TS2339
scripts/bizql-planner-test.ts(122): error TS2339
scripts/bizql-smoke.ts(83): error TS2339
scripts/bizql-smoke.ts(84): error TS2339
